// Jest Snapshot v1, https://goo.gl/fbAQLP

exports[`ServiceAccountOps createServiceAccount() 1: Create service account 1`] = `
{
  "_id": "25a96f2e-8963-4b9b-b6ab-d5398fc463be",
  "_rev": "be5d69db-bed9-44ff-9388-cfe1e4a5f3d5-2877",
  "accountStatus": "Active",
  "description": "service account",
  "jwks": "{"keys":[{"kty":"RSA","kid":"56YVzBGBdNOgwaoUoUjbaeYiYtBEoLxcPvO_eDWUKsc","alg":"RS256","e":"AQAB","n":"6PJodq0XYVQEwmavKoQLPCB0o3wfSVdyi1cQe0UKDj07xrRRn8Lcsjy4S9bkhW-nqpF2g94io1ntonAab3NAbJo4Q1lV-zvNrbBUNqsu-UgeaJdWIb0WSgx9X809P-CpTiXiEc3m6Uqhw_4jX9YIS6-tT7355r8I0-_WNXYgO0RYAUJtoSlYbCVEHJKe7XHw2R59CHVmHBArQTYJWppoAT_AJvPdnebyPrjbm1CYQMbFt9F2mafB_GDQ_lbWpwn25IEtxIrZiw_nF-xPDc40_ZsqFavcT4m5obW0jCxhLEQ31cafAJ4O1CVkPdXJ5Yt68PrTdhNgn0nxEZiZEW7cSu3xWWp-gWoR5dX1SuA3VN9p4qZVwfsCdc4svCh2N1h_0lSDycIYrGBUaRLSCVy1bpaTs1xARQuKO63tWOyuRRzZASCGJ0iN-NQid4Ul9Mb5fyjpKZER9biPOsrmjShgXV_Jp_8ZQx5ZHtKXw4aX4ERerBFzF82CseVypo2dclSVQ7lgufNBP8S3Y_A9WAKCZSX1eV7DDzOP2R-3zWloZ5abUCPPZelGQMpRQtY0UyLEWemR4I20rmy8QjJtuyIWe6tCrfjO8eJR8mYwY0ZcPJUJdp6WL7E8LUJMnnin531A4yo5TEVmY3FmoKAcfzzX2UaSM0TaaQ0E1tqDeorTbSc"}]}",
  "maxCachingTime": "15",
  "maxIdleTime": "15",
  "maxSessionTime": "15",
  "name": "sa",
  "quotaLimit": "5",
  "scopes": [
    "fr:am:*",
    "fr:idm:*",
    "fr:idc:esv:*",
  ],
}
`;
