// Jest Snapshot v1, https://goo.gl/fbAQLP

exports[`ServiceAccountOps createServiceAccount() 1: Create service account 1`] = `
{
  "_id": "6d8e4b6b-8182-4bd3-a828-a4a4f92daecb",
  "_rev": "443c355d-d0f7-401a-adae-312797b9b5cb-2259",
  "accountStatus": "Active",
  "description": "service account",
  "jwks": "{"keys":[{"kty":"RSA","kid":"XHCVUpsfrymNFni7C2NwQF2FYO0YAqDXPi6uUoh5kZ0","alg":"RS256","e":"AQAB","n":"pu4m-r833hXDBrQlvELdzEtnwKGixeyUqql4c9OIOicR1Y5dX2mc4YhhJ3udhRqSze-HsrTrS8oaTgnHn3e7QnrGPSpulWZYTzXkP3Gxv6gT6CV6Ww039L_K1VR36mUlaW9ngmf78PoJigX6KO4Ma3gdYTvr60_B_0EzOYTUFZFxe9zvU6cOPCBNxL8-uCtM4JgOEfVgxbLzyhjhx5NB-T7S8CR6wTSS-g0zIYzeOrpvTI6cp35kpsQBNC__RwN1bHbUOSz0207c3S6Es6wVuZDcrRQYOd8n5VN_liRNZXXRnmU5TG0KRoe_IfritXbGlabdXOo6tuWRLOts0kOJLY7cxu3QXaZrClLZTDhkenX8-VdISiiav0VuU8o94nVVWFAJOD9bIBRPZsqm_kNDcNrdimehBzFpBEAOau1qI7EFGwyagTSdFbNuBetq2zHq2myXWpm64X0GQ7PPdIjepQDVObSid1PHg9rfpXTa9o9FnMy3oV5QEGERl24A64iPnSCtAHxr-sJWT584n-HUhu5A2-kuEpLvg_7TFYlFdwgXz7KgwYXqh-t8DHyeWTzNeSbSXjHSWHquVp6hLFKImhk8wNgyeoH-dSko2BzY6Y26ZR2odBtKEoCs8Y3cZ4SvrDZW0Ju5z6tf5mR9VaCxejMOYxsKK4czsiWcuG2xPx8"}]}",
  "maxCachingTime": "15",
  "maxIdleTime": "15",
  "maxSessionTime": "15",
  "name": "sa",
  "quotaLimit": "5",
  "scopes": [
    "fr:am:*",
    "fr:idm:*",
    "fr:idc:esv:*",
  ],
}
`;
